// Jest Snapshot v1, https://goo.gl/fbAQLP

exports[`renders without crashing 1`] = `
<DocumentFragment>
  <table
    class="Board"
  >
    <tbody>
      <tr>
        <td
          class="Cell Cell-lit"
          data-testid="0-0"
        />
        <td
          class="Cell Cell-lit"
          data-testid="0-1"
        />
        <td
          class="Cell Cell-lit"
          data-testid="0-2"
        />
      </tr>
      <tr>
        <td
          class="Cell Cell-lit"
          data-testid="1-0"
        />
        <td
          class="Cell Cell-lit"
          data-testid="1-1"
        />
        <td
          class="Cell Cell-lit"
          data-testid="1-2"
        />
      </tr>
      <tr>
        <td
          class="Cell Cell-lit"
          data-testid="2-0"
        />
        <td
          class="Cell Cell-lit"
          data-testid="2-1"
        />
        <td
          class="Cell Cell-lit"
          data-testid="2-2"
        />
      </tr>
    </tbody>
  </table>
</DocumentFragment>
`;
